Microchip MPLAB XC8 Compiler V2.45

Linker command line:

-W-3 \
  --edf=C:\Program Files\Microchip\xc8\v2.45\pic\dat\20230818022343_en.msgs \
  -cn -h+dist/default/production\TP3d_cesar.X.production.sym \
  --cmf=dist/default/production\TP3d_cesar.X.production.cmf -z -Q16F1719 \
  -oC:\Users\mathi\AppData\Local\Temp\xcAsov4.\driver_tmp_3.o \
  --defsym=__MPLAB_BUILD=1 --fixupoverflow=error \
  -Mdist/default/production/TP3d_cesar.X.production.map \
  --md=C:\Users\mathi\AppData\Local\Temp\xcAsov4.\driver_tmp_0.dat -E1 \
  -ver=XC8 Compiler --acfsm=1493 -ACODE=00h-07FFhx8 -ASTRCODE=00h-03FFFh \
  -ASTRING=00h-0FFhx64 -ACONST=00h-0FFhx64 -AENTRY=00h-0FFhx64 \
  -ACOMMON=070h-07Fh -ABANK0=020h-06Fh -ABANK1=0A0h-0EFh \
  -ABANK2=0120h-016Fh -ABANK3=01A0h-01EFh -ABANK4=0220h-026Fh \
  -ABANK5=02A0h-02EFh -ABANK6=0320h-036Fh -ABANK7=03A0h-03EFh \
  -ABANK8=0420h-046Fh -ABANK9=04A0h-04EFh -ABANK10=0520h-056Fh \
  -ABANK11=05A0h-05EFh -ABANK12=0620h-066Fh -ABANK13=06A0h-06EFh \
  -ABANK14=0720h-076Fh -ABANK15=07A0h-07EFh -ABANK16=0820h-086Fh \
  -ABANK17=08A0h-08EFh -ABANK18=0920h-096Fh -ABANK19=09A0h-09EFh \
  -ABANK20=0A20h-0A6Fh -ABANK21=0AA0h-0AEFh -ABANK22=0B20h-0B6Fh \
  -ABANK23=0BA0h-0BEFh -ABANK24=0C20h-0C6Fh -ABANK25=0CA0h-0CBFh \
  -ABIGRAM=02000h-027EFh \
  -ARAM=020h-06Fh,0A0h-0EFh,0120h-016Fh,01A0h-01EFh,0220h-026Fh,02A0h-02EFh,0320h-036Fh,03A0h-03EFh,0420h-046Fh,04A0h-04EFh,0520h-056Fh,05A0h-05EFh,0620h-066Fh,06A0h-06EFh,0720h-076Fh,07A0h-07EFh,0820h-086Fh,08A0h-08EFh,0920h-096Fh,09A0h-09EFh,0A20h-0A6Fh,0AA0h-0AEFh,0B20h-0B6Fh,0BA0h-0BEFh,0C20h-0C6Fh,0CA0h-0CBFh \
  -AABS1=020h-07Fh,0A0h-0EFh,0120h-016Fh,01A0h-01EFh,0220h-026Fh,02A0h-02EFh,0320h-036Fh,03A0h-03EFh,0420h-046Fh,04A0h-04EFh,0520h-056Fh,05A0h-05EFh,0620h-066Fh,06A0h-06EFh,0720h-076Fh,07A0h-07EFh,0820h-086Fh,08A0h-08EFh,0920h-096Fh,09A0h-09EFh,0A20h-0A6Fh,0AA0h-0AEFh,0B20h-0B6Fh,0BA0h-0BEFh,0C20h-0C6Fh,0CA0h-0CBFh \
  -ASFR0=00h-01Fh -ASFR1=080h-09Fh -ASFR2=0100h-011Fh -ASFR3=0180h-019Fh \
  -ASFR4=0200h-021Fh -ASFR5=0280h-029Fh -ASFR6=0300h-031Fh \
  -ASFR7=0380h-039Fh -ASFR8=0400h-041Fh -ASFR9=0480h-049Fh \
  -ASFR10=0500h-051Fh -ASFR11=0580h-059Fh -ASFR12=0600h-061Fh \
  -ASFR13=0680h-069Fh -ASFR14=0700h-071Fh -ASFR15=0780h-079Fh \
  -ASFR16=0800h-081Fh -ASFR17=0880h-089Fh -ASFR18=0900h-091Fh \
  -ASFR19=0980h-099Fh -ASFR20=0A00h-0A1Fh -ASFR21=0A80h-0A9Fh \
  -ASFR22=0B00h-0B1Fh -ASFR23=0B80h-0B9Fh -ASFR24=0C00h-0C1Fh \
  -ASFR25=0C80h-0C9Fh -ASFR26=0D00h-0D6Fh -ASFR27=0D80h-0DEFh \
  -ASFR28=0E00h-0E6Fh -ASFR29=0E80h-0EEFh -ASFR30=0F00h-0F6Fh \
  -ASFR31=0F80h-0FEFh -ACONFIG=08007h-08008h -DCONFIG=2 \
  -AIDLOC=08000h-08003h -DIDLOC=2 -DCODE=2 -DSTRCODE=2 -DSTRING=2 -DCONST=2 \
  -DENTRY=2 -preset_vec=00h,intentry=04h,init,end_init -ppowerup=CODE \
  -pcinit=CODE -pfunctab=ENTRY -k \
  C:\Users\mathi\AppData\Local\Temp\xcAsov4.\driver_tmp_17.o \
  dist/default/production\TP3d_cesar.X.production.o 

Object code version is 3.11

Machine type is 16F1719



                Name                               Link     Load   Length Selector   Space Scale
C:\Users\mathi\AppData\Local\Temp\xcAsov4.\driver_tmp_17.o
                end_init                             44       44        2        8       0
                reset_vec                             0        0        2        0       0
                config                             8007     8007        2        0       4
dist/default/production\TP3d_cesar.X.production.o
                cinit                                46       46       29        8       0
                intentry                              4        4       40        8       0
                config                             8007     8007        2        0       4
                text27                              309      309       DF        8       0
                text25                               6F       6F      1AA        8       0
                text24                              512      512       71        8       0
                text23                              3E8      3E8       AB        8       0
                text22                              F6D      F6D        F     1EDA       0
                text21                              F7C      F7C       11     1EF8       0
                text20                              F9F      F9F       15     1F3E       0
                text19                              FB4      FB4       17     1F68       0
                text18                              583      583       62        8       0
                text17                              F51      F51        5     1EA2       0
                text16                              7F8      7F8        7        8       0
                text15                              7B8      7B8       21        8       0
                text14                              6F8      6F8       3D        8       0
                text13                              7D9      7D9       1F        8       0
                text12                              F56      F56        B     1EAC       0
                text11                              FCB      FCB       17     1F96       0
                text10                              794      794       24        8       0
                text9                               5E5      5E5       60        8       0
                text8                               6A4      6A4       54        8       0
                text7                               F8D      F8D       12     1F1A       0
                text6                               7FF      7FF        1        8       0
                text5                               645      645       5F        8       0
                text4                               219      219       F0        8       0
                text3                               FE2      FE2       1E     1FC4       0
                text2                               76E      76E       26        8       0
                text1                               735      735       39        8       0
                maintext                            493      493       7F        8       0
                cstackBANK0                          20       20       37       20       1
                cstackCOMMON                         70       70        E       70       1
                clrtext                             F61      F61        C     1EC2       0
                bssBANK1                             A0       A0       20       A0       1
                dataBANK0                            5E       5E        2       20       1
                bssBANK0                             57       57        7       20       1
                stringtext2                        100F     100F        D     2000       0
                stringtext1                        1000     1000        F     2000       0
                idataBANK0                            2        2        2        0       0

TOTAL           Name                               Link     Load   Length     Space
        CLASS   CODE           
                end_init                             44       44        2         0
                cinit                                46       46       29         0
                intentry                              4        4       40         0
                reset_vec                             0        0        2         0
                text27                              309      309       DF         0
                text25                               6F       6F      1AA         0
                text24                              512      512       71         0
                text23                              3E8      3E8       AB         0
                text22                              F6D      F6D        F         0
                text21                              F7C      F7C       11         0
                text20                              F9F      F9F       15         0
                text19                              FB4      FB4       17         0
                text18                              583      583       62         0
                text17                              F51      F51        5         0
                text16                              7F8      7F8        7         0
                text15                              7B8      7B8       21         0
                text14                              6F8      6F8       3D         0
                text13                              7D9      7D9       1F         0
                text12                              F56      F56        B         0
                text11                              FCB      FCB       17         0
                text10                              794      794       24         0
                text9                               5E5      5E5       60         0
                text8                               6A4      6A4       54         0
                text7                               F8D      F8D       12         0
                text6                               7FF      7FF        1         0
                text5                               645      645       5F         0
                text4                               219      219       F0         0
                text3                               FE2      FE2       1E         0
                text2                               76E      76E       26         0
                text1                               735      735       39         0
                maintext                            493      493       7F         0
                clrtext                             F61      F61        C         0
                idataBANK0                            2        2        2         0

        CLASS   STRCODE        
                stringtext2                        100F     100F        D         0
                stringtext1                        1000     1000        F         0

        CLASS   STRING         

        CLASS   CONST          

        CLASS   ENTRY          

        CLASS   COMMON         
                cstackCOMMON                         70       70        E         1

        CLASS   BANK0          
                cstackBANK0                          20       20       37         1
                dataBANK0                            5E       5E        2         1
                bssBANK0                             57       57        7         1

        CLASS   BANK1          
                bssBANK1                             A0       A0       20         1

        CLASS   BANK2          

        CLASS   BANK3          

        CLASS   BANK4          

        CLASS   BANK5          

        CLASS   BANK6          

        CLASS   BANK7          

        CLASS   BANK8          

        CLASS   BANK9          

        CLASS   BANK10         

        CLASS   BANK11         

        CLASS   BANK12         

        CLASS   BANK13         

        CLASS   BANK14         

        CLASS   BANK15         

        CLASS   BANK16         

        CLASS   BANK17         

        CLASS   BANK18         

        CLASS   BANK19         

        CLASS   BANK20         

        CLASS   BANK21         

        CLASS   BANK22         

        CLASS   BANK23         

        CLASS   BANK24         

        CLASS   BANK25         

        CLASS   BIGRAM         

        CLASS   RAM            

        CLASS   ABS1           
                abs_s1                               7E       7E        2         1
                abs_s1                              C2C      C2C       44         1
                abs_s1                              CA0      CA0       20         1
                abs_s1                             278C     278C        0         1

        CLASS   SFR0           

        CLASS   SFR1           

        CLASS   SFR2           

        CLASS   SFR3           

        CLASS   SFR4           

        CLASS   SFR5           

        CLASS   SFR6           

        CLASS   SFR7           

        CLASS   SFR8           

        CLASS   SFR9           

        CLASS   SFR10          

        CLASS   SFR11          

        CLASS   SFR12          

        CLASS   SFR13          

        CLASS   SFR14          

        CLASS   SFR15          

        CLASS   SFR16          

        CLASS   SFR17          

        CLASS   SFR18          

        CLASS   SFR19          

        CLASS   SFR20          

        CLASS   SFR21          

        CLASS   SFR22          

        CLASS   SFR23          

        CLASS   SFR24          

        CLASS   SFR25          

        CLASS   SFR26          

        CLASS   SFR27          

        CLASS   SFR28          

        CLASS   SFR29          

        CLASS   SFR30          

        CLASS   SFR31          

        CLASS   CONFIG         
                config                             8007     8007        2         4

        CLASS   IDLOC          

        CLASS   BANK31         

        CLASS   BANK30         

        CLASS   BANK29         

        CLASS   BANK28         

        CLASS   BANK27         

        CLASS   BANK26         

        CLASS   HEAP           

        CLASS   STACK          

        CLASS   EEDATA         



SEGMENTS        Name                           Load    Length   Top    Selector   Space  Class     Delta

                reset_vec                      000000  000004  000004         0       0  CODE        2
                intentry                       000004  0007FC  000800         8       0  CODE        2
                cstackBANK0                    000020  000040  000060        20       1  BANK0       1
                cstackCOMMON                   000070  00000E  00007E        70       1  COMMON      1
                bssBANK1                       0000A0  000020  0000C0        A0       1  BANK1       1
                text17                         000F51  000005  000F56      1EA2       0  CODE        2
                text12                         000F56  00000B  000F61      1EAC       0  CODE        2
                clrtext                        000F61  00000C  000F6D      1EC2       0  CODE        2
                text22                         000F6D  00000F  000F7C      1EDA       0  CODE        2
                text21                         000F7C  000011  000F8D      1EF8       0  CODE        2
                text7                          000F8D  000012  000F9F      1F1A       0  CODE        2
                text20                         000F9F  000015  000FB4      1F3E       0  CODE        2
                text19                         000FB4  000017  000FCB      1F68       0  CODE        2
                text11                         000FCB  000017  000FE2      1F96       0  CODE        2
                text3                          000FE2  00001E  001000      1FC4       0  CODE        2
                stringtext1                    001000  00001C  00101C      2000       0  STRCODE     2


UNUSED ADDRESS RANGES

        Name                Unused          Largest block    Delta
        BANK0            00060-0006F              10           1
        BANK1            000C0-000EF              30           1
        BANK10           00520-0056F              50           1
        BANK11           005A0-005EF              50           1
        BANK12           00620-0066F              50           1
        BANK13           006A0-006EF              50           1
        BANK14           00720-0076F              50           1
        BANK15           007A0-007EF              50           1
        BANK16           00820-0086F              50           1
        BANK17           008A0-008EF              50           1
        BANK18           00920-0096F              50           1
        BANK19           009A0-009EF              50           1
        BANK2            00120-0016F              50           1
        BANK20           00A20-00A6F              50           1
        BANK21           00AA0-00AEF              50           1
        BANK22           00B20-00B6F              50           1
        BANK23           00BA0-00BEF              50           1
        BANK24           00C20-00C2B               C           1
        BANK3            001A0-001EF              50           1
        BANK4            00220-0026F              50           1
        BANK5            002A0-002EF              50           1
        BANK6            00320-0036F              50           1
        BANK7            003A0-003EF              50           1
        BANK8            00420-0046F              50           1
        BANK9            004A0-004EF              50           1
        BIGRAM           02000-027EF             7F0           1
        CODE             00800-00F50             751           2
                         0101C-03FFF             800
        CONST            00800-00F50             100           2
                         0101C-03FFF             100
        ENTRY            00800-00F50             100           2
                         0101C-03FFF             100
        IDLOC            08000-08003               4           2
        RAM              00060-0006F              10           1
                         000C0-000EF              30
                         00120-0016F              50
                         001A0-001EF              50
                         00220-0026F              50
                         002A0-002EF              50
                         00320-0036F              50
                         003A0-003EF              50
                         00420-0046F              50
                         004A0-004EF              50
                         00520-0056F              50
                         005A0-005EF              50
                         00620-0066F              50
                         006A0-006EF              50
                         00720-0076F              50
                         007A0-007EF              50
                         00820-0086F              50
                         008A0-008EF              50
                         00920-0096F              50
                         009A0-009EF              50
                         00A20-00A6F              50
                         00AA0-00AEF              50
                         00B20-00B6F              50
                         00BA0-00BEF              50
                         00C20-00C2B               C
        SFR0             00000-0001F              20           1
        SFR1             00080-0009F              20           1
        SFR10            00500-0051F              20           1
        SFR11            00580-0059F              20           1
        SFR12            00600-0061F              20           1
        SFR13            00680-0069F              20           1
        SFR14            00700-0071F              20           1
        SFR15            00780-0079F              20           1
        SFR16            00800-0081F              20           1
        SFR17            00880-0089F              20           1
        SFR18            00900-0091F              20           1
        SFR19            00980-0099F              20           1
        SFR2             00100-0011F              20           1
        SFR20            00A00-00A1F              20           1
        SFR21            00A80-00A9F              20           1
        SFR22            00B00-00B1F              20           1
        SFR23            00B80-00B9F              20           1
        SFR24            00C00-00C1F              20           1
        SFR25            00C80-00C9F              20           1
        SFR26            00D00-00D6F              70           1
        SFR27            00D80-00DEF              70           1
        SFR28            00E00-00E6F              70           1
        SFR29            00E80-00EEF              70           1
        SFR3             00180-0019F              20           1
        SFR30            00F00-00F6F              70           1
        SFR31            00F80-00FEF              70           1
        SFR4             00200-0021F              20           1
        SFR5             00280-0029F              20           1
        SFR6             00300-0031F              20           1
        SFR7             00380-0039F              20           1
        SFR8             00400-0041F              20           1
        SFR9             00480-0049F              20           1
        STRCODE          00800-00F50             751           2
                         0101C-03FFF            2FE4
        STRING           00800-00F50             100           2
                         0101C-03FFF             100

                                  Symbol Table

?___awdiv                    cstackBANK0  00020
?___awmod                    cstackBANK0  00020
?___fldiv                    cstackBANK0  0002E
?___fltol                    cstackBANK0  00048
?___xxtofl                   cstackBANK0  00020
?_abs                        cstackBANK0  00027
?_ad_read                    cstackBANK0  00020
?_sprintf                    cstackBANK0  00043
?_transformCesar             cstackCOMMON 00070
?_vfprintf                   cstackBANK0  0003B
LCD_GoTo@column              cstackBANK0  00024
LCD_GoTo@pos                 cstackBANK0  00027
LCD_GoTo@row                 cstackBANK0  00028
LCD_WriteByte@data           cstackBANK0  00023
LCD_WriteCommand@cmd         cstackBANK0  00023
LCD_WriteIOExpander@data     cstackBANK0  00021
LCD_WriteIOExpander@reg      cstackBANK0  00022
LCD_WriteString@data         cstackBANK0  00024
LCD_WriteString@i            cstackBANK0  00028
SPI_Exchange8bit@data        cstackBANK0  00020
_ADCON0bits                  (abs)        0009D
_ADCON1bits                  (abs)        0009E
_ADRESH                      (abs)        0009C
_ANSELAbits                  (abs)        0018C
_ANSELBbits                  (abs)        0018D
_ANSELCbits                  (abs)        0018E
_BAUD1CONbits                (abs)        0019F
_INTCONbits                  (abs)        0000B
_LATAbits                    (abs)        0010C
_LATCbits                    (abs)        0010E
_LCD_Clear                   text12       00F56
_LCD_GoTo                    text13       007D9
_LCD_GoTo$664                cstackBANK0  00025
_LCD_Initialize              text18       00583
_LCD_InitializePins          text17       00F51
_LCD_WriteByte               text11       00FCB
_LCD_WriteCommand            text19       00FB4
_LCD_WriteIOExpander         text20       00F9F
_LCD_WriteString             text10       00794
_PIE1bits                    (abs)        00091
_PORTAbits                   (abs)        0000C
_PORTBbits                   (abs)        0000D
_RC1REG                      (abs)        00199
_RC1STAbits                  (abs)        0019D
_RC3PPSbits                  (abs)        00EA3
_RC5PPSbits                  (abs)        00EA5
_RC6PPSbits                  (abs)        00EA6
_RXPPSbits                   (abs)        00E24
_SP1BRGHbits                 (abs)        0019C
_SP1BRGLbits                 (abs)        0019B
_SPI_Exchange8bit            text21       00F7C
_SPI_Initialize              text16       007F8
_SPI_InitializePins          text15       007B8
_SSP1ADD                     (abs)        00212
_SSP1BUF                     (abs)        00211
_SSP1CON1                    (abs)        00215
_SSP1CON1bits                (abs)        00215
_SSP1STAT                    (abs)        00214
_SSP1STATbits                (abs)        00214
_SSPCLKPPSbits               (abs)        00E20
_SSPDATPPSbits               (abs)        00E21
_TRISAbits                   (abs)        0008C
_TRISBbits                   (abs)        0008D
_TRISCbits                   (abs)        0008E
_TRISDbits                   (abs)        0008F
_TX1REG                      (abs)        0019A
_TX1STAbits                  (abs)        0019E
__H__absolute__              __absolute__ 00000
__Habs1                      abs1         00000
__Hbank0                     bank0        00000
__Hbank1                     bank1        00000
__Hbank10                    bank10       00000
__Hbank11                    bank11       00000
__Hbank12                    bank12       00000
__Hbank13                    bank13       00000
__Hbank14                    bank14       00000
__Hbank15                    bank15       00000
__Hbank16                    bank16       00000
__Hbank17                    bank17       00000
__Hbank18                    bank18       00000
__Hbank19                    bank19       00000
__Hbank2                     bank2        00000
__Hbank20                    bank20       00000
__Hbank21                    bank21       00000
__Hbank22                    bank22       00000
__Hbank23                    bank23       00000
__Hbank24                    bank24       00000
__Hbank25                    bank25       00000
__Hbank26                    bank26       00000
__Hbank27                    bank27       00000
__Hbank28                    bank28       00000
__Hbank29                    bank29       00000
__Hbank3                     bank3        00000
__Hbank30                    bank30       00000
__Hbank31                    bank31       00000
__Hbank4                     bank4        00000
__Hbank5                     bank5        00000
__Hbank6                     bank6        00000
__Hbank7                     bank7        00000
__Hbank8                     bank8        00000
__Hbank9                     bank9        00000
__Hbigram                    bigram       00000
__HbssBANK0                  bssBANK0     00000
__HbssBANK1                  bssBANK1     00000
__Hcinit                     cinit        0006F
__Hclrtext                   clrtext      00000
__Hcode                      code         00000
__Hcommon                    common       00000
__Hconfig                    config       08009
__HcstackBANK0               cstackBANK0  00000
__HcstackCOMMON              cstackCOMMON 00000
__HdataBANK0                 dataBANK0    00000
__Heeprom_data               eeprom_data  00000
__Hend_init                  end_init     00046
__Hfunctab                   functab      00000
__Hheap                      heap         00000
__HidataBANK0                idataBANK0   00000
__Hinit                      init         00044
__Hintentry                  intentry     00044
__Hmaintext                  maintext     00000
__Hpowerup                   powerup      00000
__Hram                       ram          00000
__Hreset_vec                 reset_vec    00002
__Hsfr0                      sfr0         00000
__Hsfr1                      sfr1         00000
__Hsfr10                     sfr10        00000
__Hsfr11                     sfr11        00000
__Hsfr12                     sfr12        00000
__Hsfr13                     sfr13        00000
__Hsfr14                     sfr14        00000
__Hsfr15                     sfr15        00000
__Hsfr16                     sfr16        00000
__Hsfr17                     sfr17        00000
__Hsfr18                     sfr18        00000
__Hsfr19                     sfr19        00000
__Hsfr2                      sfr2         00000
__Hsfr20                     sfr20        00000
__Hsfr21                     sfr21        00000
__Hsfr22                     sfr22        00000
__Hsfr23                     sfr23        00000
__Hsfr24                     sfr24        00000
__Hsfr25                     sfr25        00000
__Hsfr26                     sfr26        00000
__Hsfr27                     sfr27        00000
__Hsfr28                     sfr28        00000
__Hsfr29                     sfr29        00000
__Hsfr3                      sfr3         00000
__Hsfr30                     sfr30        00000
__Hsfr31                     sfr31        00000
__Hsfr4                      sfr4         00000
__Hsfr5                      sfr5         00000
__Hsfr6                      sfr6         00000
__Hsfr7                      sfr7         00000
__Hsfr8                      sfr8         00000
__Hsfr9                      sfr9         00000
__Hspace_0                   (abs)        0101C
__Hspace_1                   (abs)        000C0
__Hspace_2                   (abs)        00000
__Hspace_3                   (abs)        00000
__Hspace_4                   (abs)        10010
__Hstack                     stack        00000
__Hstrings                   strings      00000
__Hstringtext1               stringtext1  00000
__Hstringtext2               stringtext2  00000
__Hstringtext3               stringtext3  00000
__Htext                      text         00000
__L__absolute__              __absolute__ 00000
__Labs1                      abs1         00000
__Lbank0                     bank0        00000
__Lbank1                     bank1        00000
__Lbank10                    bank10       00000
__Lbank11                    bank11       00000
__Lbank12                    bank12       00000
__Lbank13                    bank13       00000
__Lbank14                    bank14       00000
__Lbank15                    bank15       00000
__Lbank16                    bank16       00000
__Lbank17                    bank17       00000
__Lbank18                    bank18       00000
__Lbank19                    bank19       00000
__Lbank2                     bank2        00000
__Lbank20                    bank20       00000
__Lbank21                    bank21       00000
__Lbank22                    bank22       00000
__Lbank23                    bank23       00000
__Lbank24                    bank24       00000
__Lbank25                    bank25       00000
__Lbank26                    bank26       00000
__Lbank27                    bank27       00000
__Lbank28                    bank28       00000
__Lbank29                    bank29       00000
__Lbank3                     bank3        00000
__Lbank30                    bank30       00000
__Lbank31                    bank31       00000
__Lbank4                     bank4        00000
__Lbank5                     bank5        00000
__Lbank6                     bank6        00000
__Lbank7                     bank7        00000
__Lbank8                     bank8        00000
__Lbank9                     bank9        00000
__Lbigram                    bigram       00000
__LbssBANK0                  bssBANK0     00000
__LbssBANK1                  bssBANK1     00000
__Lcinit                     cinit        00046
__Lclrtext                   clrtext      00000
__Lcode                      code         00000
__Lcommon                    common       00000
__Lconfig                    config       00000
__LcstackBANK0               cstackBANK0  00000
__LcstackCOMMON              cstackCOMMON 00000
__LdataBANK0                 dataBANK0    00000
__Leeprom_data               eeprom_data  00000
__Lend_init                  end_init     00044
__Lfunctab                   functab      00000
__Lheap                      heap         00000
__LidataBANK0                idataBANK0   00000
__Linit                      init         00044
__Lintentry                  intentry     00004
__Lmaintext                  maintext     00000
__Lpowerup                   powerup      00000
__Lram                       ram          00000
__Lreset_vec                 reset_vec    00000
__Lsfr0                      sfr0         00000
__Lsfr1                      sfr1         00000
__Lsfr10                     sfr10        00000
__Lsfr11                     sfr11        00000
__Lsfr12                     sfr12        00000
__Lsfr13                     sfr13        00000
__Lsfr14                     sfr14        00000
__Lsfr15                     sfr15        00000
__Lsfr16                     sfr16        00000
__Lsfr17                     sfr17        00000
__Lsfr18                     sfr18        00000
__Lsfr19                     sfr19        00000
__Lsfr2                      sfr2         00000
__Lsfr20                     sfr20        00000
__Lsfr21                     sfr21        00000
__Lsfr22                     sfr22        00000
__Lsfr23                     sfr23        00000
__Lsfr24                     sfr24        00000
__Lsfr25                     sfr25        00000
__Lsfr26                     sfr26        00000
__Lsfr27                     sfr27        00000
__Lsfr28                     sfr28        00000
__Lsfr29                     sfr29        00000
__Lsfr3                      sfr3         00000
__Lsfr30                     sfr30        00000
__Lsfr31                     sfr31        00000
__Lsfr4                      sfr4         00000
__Lsfr5                      sfr5         00000
__Lsfr6                      sfr6         00000
__Lsfr7                      sfr7         00000
__Lsfr8                      sfr8         00000
__Lsfr9                      sfr9         00000
__Lspace_0                   (abs)        00000
__Lspace_1                   (abs)        00000
__Lspace_2                   (abs)        00000
__Lspace_3                   (abs)        00000
__Lspace_4                   (abs)        00000
__Lstack                     stack        00000
__Lstrings                   strings      00000
__Lstringtext1               stringtext1  00000
__Lstringtext2               stringtext2  00000
__Lstringtext3               stringtext3  00000
__Ltext                      text         00000
__S0                         (abs)        0101C
__S1                         (abs)        000C0
___awdiv                     text9        005E5
___awdiv@counter             cstackBANK0  00025
___awdiv@dividend            cstackBANK0  00022
___awdiv@divisor             cstackBANK0  00020
___awdiv@quotient            cstackBANK0  00027
___awdiv@sign                cstackBANK0  00026
___awmod                     text8        006A4
___awmod@counter             cstackBANK0  00025
___awmod@dividend            cstackBANK0  00022
___awmod@divisor             cstackBANK0  00020
___awmod@sign                cstackBANK0  00026
___fldiv                     text25       0006F
___fldiv@a                   cstackBANK0  0002E
___fldiv@aexp                cstackBANK0  00047
___fldiv@b                   cstackBANK0  00032
___fldiv@bexp                cstackBANK0  00046
___fldiv@grs                 cstackBANK0  00042
___fldiv@new_exp             cstackBANK0  00040
___fldiv@rem                 cstackBANK0  0003B
___fldiv@sign                cstackBANK0  0003F
___fltol                     text24       00512
___fltol@exp1                cstackBANK0  00051
___fltol@f1                  cstackBANK0  00048
___fltol@sign1               cstackBANK0  00050
___heap_hi                   (abs)        00000
___heap_lo                   (abs)        00000
___int_sp                    stack        00000
___int_stack_hi              stack        00000
___int_stack_lo              stack        00000
___latbits                   (abs)        00003
___sp                        stack        00000
___stack_hi                  stack        00000
___stack_lo                  stack        00000
___stackhi                   (abs)        00000
___stacklo                   (abs)        00000
___xxtofl                    text23       003E8
___xxtofl@arg                cstackBANK0  0002A
___xxtofl@exp                cstackBANK0  00029
___xxtofl@sign               cstackBANK0  00028
___xxtofl@val                cstackBANK0  00020
__end_of_LCD_Clear           text12       00F61
__end_of_LCD_GoTo            text13       007F8
__end_of_LCD_Initialize      text18       005E5
__end_of_LCD_InitializePins  text17       00F56
__end_of_LCD_WriteByte       text11       00FE2
__end_of_LCD_WriteCommand    text19       00FCB
__end_of_LCD_WriteIOExpander text20       00FB4
__end_of_LCD_WriteString     text10       007B8
__end_of_SPI_Exchange8bit    text21       00F8D
__end_of_SPI_Initialize      text16       007FF
__end_of_SPI_InitializePins  text15       007D9
__end_of___awdiv             text9        00645
__end_of___awmod             text8        006F8
__end_of___fldiv             text25       00219
__end_of___fltol             text24       00583
__end_of___xxtofl            text23       00493
__end_of__initialization     cinit        0006B
__end_of_abs                 text7        00F9F
__end_of_ad_read             text22       00F7C
__end_of_fputc               text5        006A4
__end_of_init                text14       00735
__end_of_isr                 intentry     00044
__end_of_main                maintext     00512
__end_of_putch               text6        00800
__end_of_setTexteLed         text1        0076E
__end_of_sprintf             text2        00794
__end_of_transformCesar      text27       003E8
__end_of_vfpfcnvrt           text4        00309
__end_of_vfprintf            text3        01000
__initialization             cinit        00046
__pbssBANK0                  bssBANK0     00057
__pbssBANK1                  bssBANK1     000A0
__pbssBIGRAM                 (abs)        0278C
__pcstackBANK0               cstackBANK0  00020
__pcstackCOMMON              cstackCOMMON 00070
__pdataBANK0                 dataBANK0    0005E
__pidataBANK0                idataBANK0   00002
__pintentry                  intentry     00004
__pmaintext                  maintext     00493
__pstringtext1               stringtext1  01000
__pstringtext2               stringtext2  0100F
__pstringtext3               stringtext3  00000
__ptext1                     text1        00735
__ptext10                    text10       00794
__ptext11                    text11       00FCB
__ptext12                    text12       00F56
__ptext13                    text13       007D9
__ptext14                    text14       006F8
__ptext15                    text15       007B8
__ptext16                    text16       007F8
__ptext17                    text17       00F51
__ptext18                    text18       00583
__ptext19                    text19       00FB4
__ptext2                     text2        0076E
__ptext20                    text20       00F9F
__ptext21                    text21       00F7C
__ptext22                    text22       00F6D
__ptext23                    text23       003E8
__ptext24                    text24       00512
__ptext25                    text25       0006F
__ptext27                    text27       00309
__ptext3                     text3        00FE2
__ptext4                     text4        00219
__ptext5                     text5        00645
__ptext6                     text6        007FF
__ptext7                     text7        00F8D
__ptext8                     text8        006A4
__ptext9                     text9        005E5
_abs                         text7        00F8D
_ad_read                     text22       00F6D
_dbuf                        bssBANK1     000A0
_flags                       bssBANK0     0005D
_fputc                       text5        00645
_init                        text14       006F8
_isChiffrement               bssBANK0     0005B
_isr                         intentry     00004
_main                        maintext     00493
_offset                      dataBANK0    0005E
_prec                        bssBANK0     00059
_putch                       text6        007FF
_setTexteLed                 text1        00735
_sprintf                     text2        0076E
_texte                       (abs)        0278C
_transformCesar              text27       00309
_vfpfcnvrt                   text4        00219
_vfprintf                    text3        00FE2
_width                       bssBANK0     00057
abs@a                        cstackBANK0  00027
btemp                        (abs)        0007E
clear_ram0                   clrtext      00F61
end_of_initialization        cinit        0006B
fputc@c                      cstackBANK0  00020
fputc@fp                     cstackBANK0  00022
int$flags                    (abs)        0007E
intlevel0                    functab      00000
intlevel1                    functab      00000
intlevel2                    functab      00000
intlevel3                    functab      00000
intlevel4                    functab      00000
intlevel5                    functab      00000
isr@tmp                      cstackCOMMON 0007D
main@value                   cstackBANK0  00055
reset_vec                    reset_vec    00000
sprintf@ap                   cstackBANK0  00049
sprintf@f                    cstackBANK0  0004A
sprintf@fmt                  cstackBANK0  00045
sprintf@s                    cstackBANK0  00043
start                        init         00044
start_initialization         cinit        00046
transformCesar@offsetBis     cstackCOMMON 00072
transformCesar@retour        cstackCOMMON 00079
transformCesar@value         cstackCOMMON 00070
vfpfcnvrt@ap                 cstackBANK0  0002E
vfpfcnvrt@c                  cstackBANK0  0003A
vfpfcnvrt@convarg            cstackBANK0  00036
vfpfcnvrt@cp                 cstackBANK0  00034
vfpfcnvrt@done               cstackBANK0  00033
vfpfcnvrt@fmt                cstackBANK0  0002D
vfpfcnvrt@fp                 cstackBANK0  0002B
vfprintf@ap                  cstackBANK0  0003F
vfprintf@cfmt                cstackBANK0  00041
vfprintf@fmt                 cstackBANK0  0003D
vfprintf@fp                  cstackBANK0  0003B
wtemp0                       (abs)        0007E


MODULE INFORMATION

Module		Function		Class		Link	Load	Size
C:\Program Files\Microchip\xc8\v2.45\pic\sources\c99\common\sprcdiv.c
		___fldiv       		CODE           	006F	0000	426

C:\Program Files\Microchip\xc8\v2.45\pic\sources\c99\common\sprcdiv.c estimated size: 426

C:\Program Files\Microchip\xc8\v2.45\pic\sources\c99\common\nf_sprintf.c
		_sprintf       		CODE           	076E	0000	38

C:\Program Files\Microchip\xc8\v2.45\pic\sources\c99\common\nf_sprintf.c estimated size: 38

C:\Program Files\Microchip\xc8\v2.45\pic\sources\c99\common\awmod.c
		___awmod       		CODE           	06A4	0000	84

C:\Program Files\Microchip\xc8\v2.45\pic\sources\c99\common\awmod.c estimated size: 84

spi.c
		_SPI_InitializePins		CODE           	07B8	0000	33
		_SPI_Exchange8bit		CODE           	0F7C	0000	17
		_SPI_Initialize		CODE           	07F8	0000	7

spi.c estimated size: 57

C:\Program Files\Microchip\xc8\v2.45\pic\sources\c99\common\putch.c
		_putch         		CODE           	07FF	0000	1

C:\Program Files\Microchip\xc8\v2.45\pic\sources\c99\common\putch.c estimated size: 1

shared
		__initialization		CODE           	0046	0000	37

shared estimated size: 37

C:\Program Files\Microchip\xc8\v2.45\pic\sources\c99\common\xxtofl.c
		___xxtofl      		CODE           	03E8	0000	171

C:\Program Files\Microchip\xc8\v2.45\pic\sources\c99\common\xxtofl.c estimated size: 171

C:\Program Files\Microchip\xc8\v2.45\pic\sources\c99\common\abs.c
		_abs           		CODE           	0F8D	0000	18

C:\Program Files\Microchip\xc8\v2.45\pic\sources\c99\common\abs.c estimated size: 18

lcd.c
		_LCD_WriteIOExpander		CODE           	0F9F	0000	21
		_LCD_Initialize		CODE           	0583	0000	98
		_LCD_WriteString		CODE           	0794	0000	36
		_LCD_Clear     		CODE           	0F56	0000	11
		_LCD_GoTo      		CODE           	07D9	0000	31
		_LCD_InitializePins		CODE           	0F51	0000	5
		_LCD_WriteCommand		CODE           	0FB4	0000	23
		_LCD_WriteByte 		CODE           	0FCB	0000	23

lcd.c estimated size: 248

main.c
		_init          		CODE           	06F8	0000	61
		_setTexteLed   		CODE           	0735	0000	57
		_main          		CODE           	0493	0000	127
		_isr           		CODE           	0004	0000	64
		_ad_read       		CODE           	0F6D	0000	15
		_transformCesar		CODE           	0309	0000	223

main.c estimated size: 547

C:\Program Files\Microchip\xc8\v2.45\pic\sources\c99\common\nf_fputc.c
		_fputc         		CODE           	0645	0000	95

C:\Program Files\Microchip\xc8\v2.45\pic\sources\c99\common\nf_fputc.c estimated size: 95

C:\Program Files\Microchip\xc8\v2.45\pic\sources\c99\common\doprnt.c
		_vfpfcnvrt     		CODE           	0219	0000	240
		_vfprintf      		CODE           	0FE2	0000	30

C:\Program Files\Microchip\xc8\v2.45\pic\sources\c99\common\doprnt.c estimated size: 270

C:\Program Files\Microchip\xc8\v2.45\pic\sources\c99\common\awdiv.c
		___awdiv       		CODE           	05E5	0000	96

C:\Program Files\Microchip\xc8\v2.45\pic\sources\c99\common\awdiv.c estimated size: 96

C:\Program Files\Microchip\xc8\v2.45\pic\sources\c99\common\fltol.c
		___fltol       		CODE           	0512	0000	113

C:\Program Files\Microchip\xc8\v2.45\pic\sources\c99\common\fltol.c estimated size: 113

